exports[`render renders 1`] = `
<div
  className="page home">
  <Connect(Directory) />
  <hr />
  <Connect(LatestArticle) />
  <hr />
  <Connect(Directory) />
  <hr />
  <Connect(Harper) />
</div>
`;
