exports[`render renders 1`] = `
<span
  className="revision">
  9
</span>
`;
